../Core/Src/stm32h7xx_hal_msp.c:66:6:HAL_MspInit	16	static
../Core/Src/stm32h7xx_hal_msp.c:87:6:HAL_I2C_MspInit	240	static
../Core/Src/stm32h7xx_hal_msp.c:141:6:HAL_I2C_MspDeInit	16	static
../Core/Src/stm32h7xx_hal_msp.c:172:6:HAL_TIM_PWM_MspInit	24	static
../Core/Src/stm32h7xx_hal_msp.c:188:6:HAL_TIM_MspPostInit	40	static
../Core/Src/stm32h7xx_hal_msp.c:220:6:HAL_TIM_PWM_MspDeInit	16	static
../Core/Src/stm32h7xx_hal_msp.c:238:13:HAL_FMC_MspInit	232	static
../Core/Src/stm32h7xx_hal_msp.c:313:6:HAL_SRAM_MspInit	16	static
../Core/Src/stm32h7xx_hal_msp.c:325:13:HAL_FMC_MspDeInit	8	static
../Core/Src/stm32h7xx_hal_msp.c:373:6:HAL_SRAM_MspDeInit	16	static
