../Core/Src/stm32h7xx_hal_msp.c:66:6:HAL_MspInit	16	static
../Core/Src/stm32h7xx_hal_msp.c:87:6:HAL_TIM_PWM_MspInit	24	static
../Core/Src/stm32h7xx_hal_msp.c:103:6:HAL_TIM_MspPostInit	40	static
../Core/Src/stm32h7xx_hal_msp.c:135:6:HAL_TIM_PWM_MspDeInit	16	static
../Core/Src/stm32h7xx_hal_msp.c:153:13:HAL_FMC_MspInit	232	static
../Core/Src/stm32h7xx_hal_msp.c:235:6:HAL_SRAM_MspInit	16	static
../Core/Src/stm32h7xx_hal_msp.c:247:13:HAL_FMC_MspDeInit	8	static
../Core/Src/stm32h7xx_hal_msp.c:295:6:HAL_SRAM_MspDeInit	16	static
