../Core/Src/systick_timer.c:15:17:GetSysTickTimer_ms	4	static
../Core/Src/systick_timer.c:20:6:clear_wait_ms	4	static
../Core/Src/systick_timer.c:24:6:reset_wait_ms	8	static
../Core/Src/systick_timer.c:28:6:set_wait_ms	16	static
../Core/Src/systick_timer.c:32:9:wait_ms	16	static
../Core/Src/systick_timer.c:57:6:clear_wait_ms_ch	16	static
../Core/Src/systick_timer.c:62:6:reset_wait_ms_ch	24	static
../Core/Src/systick_timer.c:67:6:set_wait_ms_ch	16	static
../Core/Src/systick_timer.c:72:9:wait_ms_ch	16	static
