../Core/R16529/r61529.c:36:15:Lcd_Write	16	static
../Core/R16529/r61529.c:117:15:Lcd_Write_Reg	0	static
../Core/R16529/r61529.c:121:15:Lcd_Write_Data	0	static
../Core/R16529/r61529.c:127:6:R61529_SetAddrWindow	24	static
../Core/R16529/r61529.c:143:6:Init_R61529	8	static
../Core/R16529/r61529.c:350:6:R61529_SetRotation	8	static
../Core/R16529/r61529.c:377:6:R61529_Flood	24	static
../Core/R16529/r61529.c:408:6:R61529_FillScreen	16	static
../Core/R16529/r61529.c:414:6:R61529_FillRect	24	static
../Core/R16529/r61529.c:423:6:R61529_DrawPixel	8	static
../Core/R16529/r61529.c:433:6:R61529_DrawLine	48	static
../Core/R16529/r61529.c:468:6:R61529_DrawRect	32	static
../Core/R16529/r61529.c:477:6:R61529_DrawCircle	48	static
../Core/R16529/r61529.c:527:6:R61529_WriteString	64	static
../Core/R16529/r61529.c:550:6:Draw_Image	16	static
../Core/R16529/r61529.c:559:6:R61529_rotation_test	64	static
